smoke: SOP W1.15, 12 checks, zero requests to any MLB or Savant host
smoke: /Users/hudsonpagni/sports-project
smoke: a data lake is present and no check reads it; all twelve run

 1/12  preflight   OK       <elapsed> s
          PREFLIGHT OK
 2/12  pins        OK       <elapsed> s
          smoke-pins OK: python duckdb polars pyarrow 3.12.14 1.5.5 1.44.2 25.0.1
 3/12  parquet     OK       <elapsed> s
          smoke-parquet OK: 100000 rows, 10 hive parts, 40 column chunks ZSTD, DuckDB hive_partitioning=true agrees on every distinct float64
 4/12  seam        OK       <elapsed> s
          .......                                                                  [100%]
 5/12  r           OK       <elapsed> s
          CmdStan path set to: /Users/hudsonpagni/.cmdstan/cmdstan-2.40.0
          smoke-r stan: 2 chains x 200 draws = 400, rhat = 1.00154, <elapsed> s
          smoke-r bam: 50000 called pitches, 28557 strikes, edf 29.61, deviance explained 0.326, <elapsed> s
          smoke-r OK: cmdstan 2.40.0, rhat 1.00154 < 1.01, bam converged (<elapsed> s)
 6/12  joinkey     OK       <elapsed> s
          smoke-joinkey OK: 17 pitch slots over 4 at-bats, corrected key gives 17 distinct keys, naive key gives 10 and loses 7
 7/12  plateplane  OK       <elapsed> s
          smoke-plateplane OK: 144 pitches, round trip front-mid-front 4.441e-16 ft (tolerance 1e-12), roots 0.3707 s and 9.1840 s, wrong root off by 30.18 in, dz negative on 144/144, release_pos_y 54.18 != y0 50.0022 refused, absump.geometry absent
 8/12  dbt         OK      <elapsed> s
          dbt: Done. PASS=22 WARN=0 ERROR=0 SKIP=0 NO-OP=0 REUSED=0 TOTAL=22
 9/12  b2          SKIP     <elapsed> s
          b2: B2_APPLICATION_KEY_ID or B2_APPLICATION_KEY is unset, so the canary is skipped.
          b2: the credentials are an owner item. A skip is a pass.
10/12  motherduck  SKIP     <elapsed> s
          motherduck: MOTHERDUCK_TOKEN is unset, so dbt debug --target prod is skipped.
          motherduck: the token is an owner item. The local dev target needs nothing.
11/12  precommit   OK       <elapsed> s
          strip notebook outputs...............................(no files to check)Skipped
12/12  disk        OK       <elapsed> s
          DISK OK: <free> GiB free on /System/Volumes/Data, floor 15 GiB
          free space
          Filesystem      Size    Used   Avail Capacity iused ifree %iused  Mounted on
          /dev/disk3s5   <df>   <df>    <df>    <df>    <df>  <df>    <df>   /System/Volumes/Data

          directory sizes under /Users/hudsonpagni/sports-project
          <size>	/Users/hudsonpagni/sports-project/data
          <size>	/Users/hudsonpagni/sports-project/out
          <size>	/Users/hudsonpagni/sports-project/warehouse
          <size>	/Users/hudsonpagni/sports-project/.venv
          <size>	/Users/hudsonpagni/sports-project/renv

smoke: request ledger unchanged, so no host was reached through the chokepoint
smoke: <elapsed> s
SMOKE OK (10/12, 2 skipped: b2, motherduck)
smoke: 12/12 (10 ran and passed, 2 skipped and counted as passes: b2, motherduck)

-- scripts/prove.sh normalised run-local tokens in this log: RN-04 timing, RN-05 freespace, RN-06 checktime, RN-08 dfcolumn, RN-09 dirsize
