......................................F.........                         [100%]
=================================== FAILURES ===================================
______________ test_layout_strings_live_only_in_paths_py[duckdb] _______________

key = 'duckdb'

    @pytest.mark.parametrize("key", [k for k in paths.templates() if k not in UNSCANNED_TEMPLATES])
    def test_layout_strings_live_only_in_paths_py(key):
        """The one copy rule: these strings appear in paths.py and nowhere else."""
        template = paths.templates()[key]
        owner = "src/absump/paths.py"
        allowed = {owner} | EXTRA_ALLOWED.get(key, set())
        found = set()
        for path in _source_files():
            try:
                text = path.read_text(encoding="utf-8")
            except (UnicodeDecodeError, OSError):
                continue
            if template in text:
                found.add(path.relative_to(REPO_ROOT).as_posix())
        assert owner in found, f"{key} is not written in {owner}"
>       assert found <= allowed, f"{key} also appears in {sorted(found - allowed)}"
E       AssertionError: duckdb also appears in ['tests/guard/test_no_sealed_reads.py']
E       assert {'dbt/profile...led_reads.py'} <= {'dbt/profile...ump/paths.py'}
E
E         Extra items in the left set:
E         'tests/guard/test_no_sealed_reads.py'

tests/unit/test_paths.py:300: AssertionError
=========================== short test summary info ============================
FAILED tests/unit/test_paths.py::test_layout_strings_live_only_in_paths_py[duckdb]
