b2_sync: source data/raw
b2_sync: destination b2://abs-umpires-raw/raw
b2_sync: never-mirror check OK (0 held-out plain paths, 0 duckdb files)
b2_sync: plan 14403 file(s), 3966102810 byte(s)
  upload data/raw/_budget.json
  upload data/raw/_budget.json.lock
  upload data/raw/_manifest.csv
  upload data/raw/baseballsavant.mlb.com/00/005d82e41eb278d5665fea17412ad2000e4f80a8670d8319683fbef3a106bd95.zst
  upload data/raw/baseballsavant.mlb.com/00/00b545f4e424e7b4c1e6a75abe8ebbb53e8204c81fc48bb17bf5707da720c71d.zst
  upload data/raw/baseballsavant.mlb.com/01/015e1c6020e5507c7ff01301dfc8e2b1c0e72d6abc8c118455b9cab2db5879a0.zst
  upload data/raw/baseballsavant.mlb.com/02/02262e3a66c74b78c22696d1310ddbfad5bea644a757371190a115472acad7dd.zst
  upload data/raw/baseballsavant.mlb.com/03/030d193d00b955b5541279add50eef4c806b238add4609fc2ba8324abb3ceea0.zst
  upload data/raw/baseballsavant.mlb.com/03/031dd4f7cec39a9746c030313c02b726bcd2e5bfcc851a8243265136abef0d85.zst
  upload data/raw/baseballsavant.mlb.com/03/03ebe61cce5dd066c6d29a75f82015a9e1f2bbb3443a68aac16b8fb3178730d0.zst
  upload data/raw/baseballsavant.mlb.com/04/041e3c2fba99359a8d04020ce7e1121d26cfa4f28fc919e40aacd1446a84c335.zst
  upload data/raw/baseballsavant.mlb.com/05/052d08cad3a9725a0317a932c514710911250c96341990d47dc840f494e16563.zst
  upload data/raw/baseballsavant.mlb.com/05/053f3109bedfb913a8a5255e7200b186b4472264ef439f40a09ed3a7a06ed4af.zst
  upload data/raw/baseballsavant.mlb.com/05/054877b4b8542de248a3c92d1067edb095da929f42c3deda6aa1cda8fef2d846.zst
  upload data/raw/baseballsavant.mlb.com/05/05752115511f33a35ebef041ba432645e704afbb30f467a2fdfdbc9d1970b686.zst
  upload data/raw/baseballsavant.mlb.com/06/06eefda729a7d189d8d22e862dc755057eb58bf5fa0732ed2c66d3db8b402a27.zst
  upload data/raw/baseballsavant.mlb.com/08/0882b3ef014c252075183a6d90b0957994aa5901c92fa566ef10725506ad5e7c.zst
  upload data/raw/baseballsavant.mlb.com/08/088c17b7bdcb62e7769532ed3291a2a88619b1c3372ee1fd9fe44a5d6b1e26bf.zst
  upload data/raw/baseballsavant.mlb.com/09/093455fae32e1e434d9b1b101bfea0d46c9b32868a7939ced919a84144733193.zst
  upload data/raw/baseballsavant.mlb.com/09/095c84a7792f2e92fa4920925c7b09c75c6b0fee1b490ed1939d62d034d35282.zst
  upload data/raw/baseballsavant.mlb.com/09/09c96515e92ccb1d66e06271f90c9ba448e4d504f6987ee7238c682b93b19e5f.zst
  upload data/raw/baseballsavant.mlb.com/09/09cd7e2d11f89187bd8f736228d5ce065be126e0f8e0f2e46992522b3f1c3a1b.zst
  upload data/raw/baseballsavant.mlb.com/09/09d681041d368c09ce464a3092fbb7953452fe3acc07cd7cfeff8c9f67be530c.zst
  upload data/raw/baseballsavant.mlb.com/0a/0a6635866d344d2552bfb1057ee843f1ceb42cc3aa8b611c62c500a363978ee2.zst
  upload data/raw/baseballsavant.mlb.com/0a/0a66675b180bf9f973225859fdba584338bf07a5774bbd52ec556afca73590a1.zst
  upload data/raw/baseballsavant.mlb.com/0a/0aba2ff5de34c439d898cf730d95da97e98bb7877b1db2d1eb295cafdf3aa20a.zst
  upload data/raw/baseballsavant.mlb.com/0b/0b23e3d95b0c8b9e0ae35a135e8dac4882b07fa5b4e6e88a877aa5ca3f4f8b8a.zst
  upload data/raw/baseballsavant.mlb.com/0b/0b5b0c3591f4bab79f76b16bfd61dfbeda0a96e0be03610b3682c760f732477c.zst
  upload data/raw/baseballsavant.mlb.com/0b/0bd06fb311457c3dc79a7ef60303ff294e22f7b21e9976ddaf265a9789e3bbb7.zst
  upload data/raw/baseballsavant.mlb.com/0c/0c28e185d0048783499a5514e06d6e8f8f975b739d1833f3824f672237272ab1.zst
  upload data/raw/baseballsavant.mlb.com/0c/0c45cb993ce138a56ba77b436f53b9881eb9a948395785889ca053669dedb650.zst
  upload data/raw/baseballsavant.mlb.com/0c/0c480b97004ebe50f67b31056b479750da7e56ca646630fcfac5959b7bf0fc3d.zst
  upload data/raw/baseballsavant.mlb.com/0d/0d387ef10b37c979904fbe9bb8bf935415c6a9f5fde81fa068ac191895914f40.zst
  upload data/raw/baseballsavant.mlb.com/0d/0d5184742bab8a8473515388d19b743d9b60ea05f47467a8c585ac43bcfe3da4.zst
  upload data/raw/baseballsavant.mlb.com/0d/0db06b2dd254b96b20e2116d9dd248158df799302e893fad5f88a279571f78ab.zst
  upload data/raw/baseballsavant.mlb.com/0d/0db288d6d9f212cbc85b1be04d9d6e5aacc258c1ef6465df0c2d037843fc5dbf.zst
  upload data/raw/baseballsavant.mlb.com/0d/0dd09ac682ae8c6ad03efd213042ced8c5594a5d78a77a65afe0f5daf17a9fe6.zst
  upload data/raw/baseballsavant.mlb.com/0d/0dd7f2ff15eaadeec8f0ab09a465db036d6a62c5d191a56b81b897be4c53100c.zst
  upload data/raw/baseballsavant.mlb.com/0d/0de1f8da9a06a3d527e4d11d44440c95bf0d9d55c82ac258d0897197ed339f47.zst
  upload data/raw/baseballsavant.mlb.com/0d/0df1aaf02b7e279872b064c6a2b82d3b9dadc0df815086d7b6f2e5e59ec624a2.zst
  upload data/raw/baseballsavant.mlb.com/0e/0e4cdba08d17506af37facb6a1e284f754508ba149748fc926721b0c81be6052.zst
  upload data/raw/baseballsavant.mlb.com/0e/0e56558f6e2b11242d8709b5be443f8f6e6905e5384c92faa4c3f22eb458ad66.zst
  upload data/raw/baseballsavant.mlb.com/0e/0ebbee11fe0ac026fd3389a7e14b6fdcdfbcd97a5c26f43743640f9a052f8e05.zst
  upload data/raw/baseballsavant.mlb.com/0e/0edc274bfa54e35c4f8ba60ccc62d01a39b936cb20d9bd168274197eaffa7bef.zst
  upload data/raw/baseballsavant.mlb.com/0f/0f184f68252320d78dd38b6fefdf3bfc67640e60344ba48414c669e201f5022f.zst
  upload data/raw/baseballsavant.mlb.com/0f/0f9c7ed273537d3f9221e02c72e020cee793cf93ff0e5b689cfc8b2016e8a2bf.zst
  upload data/raw/baseballsavant.mlb.com/0f/0fb81149d823c21eb9ea4bff3bcc4d799e34c769d6764ec23affe868c0a7fac2.zst
  upload data/raw/baseballsavant.mlb.com/10/10410e9586692d9f9567aaa4ae86ffc4537be12d1767407513e14475be40b10d.zst
  upload data/raw/baseballsavant.mlb.com/11/1106a2f958947fa79dc499a25507792f1eea622b9609e9ec21de287d75a8575c.zst
  upload data/raw/baseballsavant.mlb.com/13/13395a11c25f6889ea1f92f7c820607495a6785c6503bee712988b2417e366dd.zst
  ... and 14353 more
command: uv run b2 sync --delete --threads 4 data/raw b2://abs-umpires-raw/raw
DEFERRED: B2_APPLICATION_KEY_ID and B2_APPLICATION_KEY are unset.
DEFERRED: the b2 side of the dry run needs an account: b2 authorizes before it plans.
DEFERRED: the owner sets both in .env, which is gitignored. No key is ever written into the repository.
CANARY SELF-TEST OK (6/6), key _canary/<stamp>.txt, 1024 bytes
....................sss                                                  [100%]

-- scripts/prove.sh normalised run-local tokens in this log: RN-10 canarykey
