.....F.................................................................. [ 91%]
......F                                                                  [100%]
=================================== FAILURES ===================================
_____________________ test_the_linter_passes_on_this_tree ______________________

    def test_the_linter_passes_on_this_tree() -> None:
        assert LINT_HTTP.is_file(), "ops/lint_http.sh is missing (owner: W1.7)"
        done = subprocess.run(
            ["sh", str(LINT_HTTP), "-q", str(REPO_ROOT)],
            capture_output=True,
            text=True,
            timeout=120,
        )
>       assert done.returncode == 0, done.stdout + done.stderr
E       AssertionError: LINT HTTP FAIL: request idiom outside the two allowed call sites.
E           [SH-CURL] ops/env-setup.sh:8:if ! command -v uv >/dev/null 2>&1; then curl -LsSf https://astral.sh/uv/install.sh | sh; fi
E           [R-RSCRIPT] ops/env-setup.sh:15:Rscript -e '
E           [R-RSCRIPT] ops/env-setup.sh:29:Rscript -e '
E         Allowed: src/absump/http.py and R/lib/http.R. Route the call through absump.http.get()
E         or absump_http_get(), so it is throttled, budgeted and written to the manifest.
E
E       assert 1 == 0
E        +  where 1 = CompletedProcess(args=['sh', '/Users/hudsonpagni/sports-project/ops/lint_http.sh', '-q', '/Users/hudsonpagni/sports-pr...the call through absump.http.get()\nor absump_http_get(), so it is throttled, budgeted and written to the manifest.\n").returncode

tests/unit/test_http_delegation.py:83: AssertionError
______________________ test_the_live_repository_is_clean _______________________

    def test_the_live_repository_is_clean() -> None:
        result = run_lint()
>       assert result.returncode == 0, result.stderr
E       AssertionError: LINT HTTP FAIL: request idiom outside the two allowed call sites.
E           [SH-CURL] ops/env-setup.sh:8:if ! command -v uv >/dev/null 2>&1; then curl -LsSf https://astral.sh/uv/install.sh | sh; fi
E           [R-RSCRIPT] ops/env-setup.sh:15:Rscript -e '
E           [R-RSCRIPT] ops/env-setup.sh:29:Rscript -e '
E         Allowed: src/absump/http.py and R/lib/http.R. Route the call through absump.http.get()
E         or absump_http_get(), so it is throttled, budgeted and written to the manifest.
E
E       assert 1 == 0
E        +  where 1 = CompletedProcess(args=['sh', '/Users/hudsonpagni/sports-project/ops/lint_http.sh'], returncode=1, stdout='', stderr="L...the call through absump.http.get()\nor absump_http_get(), so it is throttled, budgeted and written to the manifest.\n").returncode

tests/unit/test_lint_http_bypasses.py:216: AssertionError
=========================== short test summary info ============================
FAILED tests/unit/test_http_delegation.py::test_the_linter_passes_on_this_tree
FAILED tests/unit/test_lint_http_bypasses.py::test_the_live_repository_is_clean
