FAILURE: 'test-ch1-figures.R:428:3' ---------------
Expected `is.null(attr(r1, "status")) || ...` to be TRUE.
Differences:
`actual`:   FALSE
`expected`: TRUE

REFUSED W3.24: real data, and the fit code is not committed, so git_sha would not name it: ?? R/ch1/40_aaa_arm.R

FAILURE: 'test-ch1-figures.R:431:3' ---------------
Expected `is.null(attr(r2, "status")) || ...` to be TRUE.
Differences:
`actual`:   FALSE
`expected`: TRUE

REFUSED W3.24: real data, and the fit code is not committed, so git_sha would not name it: ?? R/ch1/40_aaa_arm.R

WARNING: 'test-ch1-figures.R:434:33' --------------
cannot open file '/var/folders/_s/ccpgpzc95d7_s00k9rrpv8h00000gn/T//Rtmpp0Zyjs/w324_10bde7021d566/tables/F1_data.csv': No such file or directory
Backtrace:
    ▆
 1. └─rd(file.path(tmp, "tables", f)) at test-ch1-figures.R:434:33
 2.   └─utils::read.csv(f, stringsAsFactors = FALSE, check.names = FALSE) at test-ch1-figures.R:38:7
 3.     └─utils::read.table(...)
 4.       └─base::file(file, "rt")

ERROR: 'test-ch1-figures.R:434:33' ----------------
Error in `file(file, "rt")`: cannot open the connection
Backtrace:
    ▆
 1. └─rd(file.path(tmp, "tables", f)) at test-ch1-figures.R:434:33
 2.   └─utils::read.csv(f, stringsAsFactors = FALSE, check.names = FALSE) at test-ch1-figures.R:38:7
 3.     └─utils::read.table(...)
 4.       └─base::file(file, "rt")

FAILURE: 'test-ch1-figures.R:449:3' ---------------
W3.24 INCOMPLETE, placeholders remain: F5 blocked on W3.20; F8 blocked on W3.23

[ FAIL 4 | WARN 1 | SKIP 0 | PASS 357 ]
Error:
! Test failures.
Execution halted
