W4.3 Savant ABS leaderboard sweep, 28 views
enumeration   config/leaderboard_views.yml
contract      contracts/savant_absdata.yml
parser        absump.ingest.savant_leaderboard (W2.11), assertion DT-24
leg           savant chain, position 2, after ['W6.0', 'W4.2'], before ['W4.4']

enumeration
  PASS W4.3.1 enumerated 28, contract pull.views 28, selector cross product 28
  PASS W4.3.2 selector domains against the contract: identical
  PASS W4.3.3 coverage: missing [], off-domain [], duplicated [], differing from the W2.11 plan []
  PASS W4.3.4 ids misnamed [], distinct ids 28 of 28, order 1..28 contiguous True
  PASS W4.3.5 DT-24 scope ['mlb-2026-batter', 'mlb-2026-catcher', 'mlb-2026-pitcher'], contract ['mlb-2026-batter', 'mlb-2026-catcher', 'mlb-2026-pitcher'], first 3 of the leg ['mlb-2026-batter', 'mlb-2026-catcher', 'mlb-2026-pitcher']
  PASS W4.3.6 distinct addresses 28, distinct lake paths 28, non-canonical 0

the leg
  PASS W4.3.11 leg of 28, DT-24 views first: ['mlb-2026-batter', 'mlb-2026-catcher', 'mlb-2026-pitcher']
  PASS W4.3.12 14 views marked sealed-set inputs

DT-24 refresh over synthetic pages, every clause must pass
  PASS W4.3.9 every page on disk parsed and is an enumerated view: 4 parsed, 0 refused, 0 outside the enumeration
  PASS W4.3.8 swept 4 of 28 views; DT-24 scope 3 of 3, absent []
  PASS W4.3.10 4 swept views marked sealed-set inputs; taken after 2026-09-21 and left unmarked: []
  PASS W4.3.7 mlb-2026-batter n_overturns + n_fails == n_challenges: 524 records checked, 0 broken, 0 without the three keys
  PASS W4.3.7 mlb-2026-catcher n_overturns + n_fails == n_challenges: 107 records checked, 0 broken, 0 without the three keys
  PASS W4.3.7 mlb-2026-league n_overturns + n_fails == n_challenges: 3 records checked, 0 broken, 0 without the three keys
  PASS W4.3.7 mlb-2026-pitcher n_overturns + n_fails == n_challenges: 104 records checked, 0 broken, 0 without the three keys
  PASS DT-24.1 batter records 524, contract 524, exact
  PASS DT-24.2 batter keys [86], contract [86]
  PASS DT-24.3 batter records where n_overturns + n_fails != n_challenges: 0
  PASS DT-24.7 batter required keys absent from at least one record: []
  PASS DT-24.4 batter sum n_challenges 4612 contract 4612, sum n_overturns 2259 contract 2259, exact
  PASS DT-24.5 batter overturn rate 48.9809 percent, contract 48.98, limit 0.0100 points
  PASS DT-24.6 batter >=10 chal 176 contract 176, >=20 chal 61 contract 61, max 51 contract not measured, exact
  PASS DT-24.1 catcher records 107, contract 107, exact
  PASS DT-24.2 catcher keys [87], contract [87]
  PASS DT-24.3 catcher records where n_overturns + n_fails != n_challenges: 0
  PASS DT-24.7 catcher required keys absent from at least one record: []
  PASS DT-24.4 catcher sum n_challenges 5382 contract 5382, sum n_overturns 3163 contract 3163, exact
  PASS DT-24.5 catcher overturn rate 58.7700 percent, contract 58.77, limit 0.0100 points
  PASS DT-24.6 catcher >=10 chal 91 contract 91, >=20 chal 77 contract 77, max 172 contract 172, exact
  PASS DT-24.1 pitcher records 104, contract 104, exact
  PASS DT-24.2 pitcher keys [87], contract [87]
  PASS DT-24.3 pitcher records where n_overturns + n_fails != n_challenges: 0
  PASS DT-24.7 pitcher required keys absent from at least one record: []
  PASS DT-24.4 pitcher sum n_challenges 173 contract 173, sum n_overturns 68 contract 68, exact
  PASS DT-24.5 pitcher overturn rate 39.3064 percent, contract 39.31, limit 0.0100 points
  PASS DT-24.6 pitcher >=10 chal 0 contract 0, >=20 chal 0 contract 0, max 8 contract 8, exact
  PASS DT-24.8 batting views ['batter'] sum n_challenges 4612, page leagueData [4612], contract 4612
  PASS DT-24.8 fielding views ['catcher', 'pitcher'] sum n_challenges 5555, page leagueData [5555], contract 5555
  PASS DT-24.9 league totals challenges 10167 contract 10167, overturns 5490 contract 5490, fails 4677 contract 4677, rate 53.9982 percent contract 53.99, limit 0.0100 points

mutated enumeration, each corruption must be caught by its clause
  PASS W4.3.1 drop a view, caught ['W4.3.1', 'W4.3.3']
  PASS W4.3.3 duplicate a view, caught ['W4.3.1', 'W4.3.3', 'W4.3.4', 'W4.3.6']
  PASS W4.3.3 a challenge type off the verified domain, caught ['W4.3.3', 'W4.3.4', 'W4.3.5']
  PASS W4.3.5 bury a DT-24 view, caught ['W4.3.5']
  PASS W4.3.5 flip a dt24 flag, caught ['W4.3.5']
  PASS W4.3.2 a selector domain that drifted from the contract, caught ['W4.3.1', 'W4.3.2', 'W4.3.3']

mutated sweep, each corruption must be caught by its clause
  PASS W4.3.8 a DT-24 view missing from the sweep, caught ['DT-24.1', 'DT-24.8', 'DT-24.9', 'W4.3.8']
  PASS W4.3.7 break the identity in an unmeasured view, caught ['W4.3.7']
  PASS DT-24.3 break the identity in a DT-24 view, caught ['DT-24.3', 'W4.3.7']
  PASS DT-24.1 drop a record from a DT-24 view, caught ['DT-24.1', 'DT-24.4', 'DT-24.5', 'DT-24.6', 'DT-24.8', 'DT-24.9']
  PASS W4.3.10 a view taken after the cutoff and left unmarked, caught ['W4.3.10']

  PASS W4.3.9 a page that does not parse, caught ['W4.3.9']

the sweep on disk
swept views on disk: 0 of 28, pull date unknown
  PASS W4.3.9 every page on disk parsed and is an enumerated view: 0 parsed, 0 refused, 0 outside the enumeration
  PASS W4.3.8 no view on disk; the leg has not run here

  PASS W4.3.13 offline: manifest unchanged at 7 rows

W4.3: 54 checks, 54 passed, 0 failed
