W3.4 height harmonisation, DT-30 and the D-13 fork (mode: check)
warehouse /Users/hudsonpagni/sports-project/warehouse/abs.duckdb, read-only
PASS    seasons 2022 2023 2024 2025 2026, one regime each: pre_buffer pre_buffer pre_buffer buffer_2025 abs_2026
PASS    every called pitch joins dim_batter_season (0 unmatched in each season)
PASS    fct height_source = abs_measured on exactly the pitches whose batter has h_abs_in
PASS    roster offset o = 0.002208 in, one value over 1023 people_offset rows, equal to the 2026 overlap mean
PASS    roster+offset height covers 100% of called pitches in every season
PASS    contours fitted on 2022, 2023, 2024 only, regime pre_buffer; nothing fitted on 2025 or 2026
PASS    all 9 point contours closed and all four metrics defined; worst draw failure share 0.0000 (limit 0.01)
record  fit 2022 all_roster      n 366,922, edf 45.9, k' 255, k-index 0.998, area 500.85 sq in, top 41.01 in, bot 16.66 in, half-width 11.18 in
record  fit 2022 cohort_roster   n 217,722, edf 46.5, k' 255, k-index 0.977, area 503.59 sq in, top 41.08 in, bot 16.66 in, half-width 11.23 in
record  fit 2022 cohort_measured n 217,722, edf 46.6, k' 255, k-index 0.960, area 503.49 sq in, top 41.07 in, bot 16.66 in, half-width 11.22 in
record  fit 2023 all_roster      n 374,384, edf 45.5, k' 255, k-index 0.991, area 490.16 sq in, top 40.84 in, bot 16.67 in, half-width 10.96 in
record  fit 2023 cohort_roster   n 271,962, edf 47.4, k' 255, k-index 0.981, area 491.94 sq in, top 40.89 in, bot 16.67 in, half-width 10.97 in
record  fit 2023 cohort_measured n 271,962, edf 47.4, k' 255, k-index 0.975, area 491.85 sq in, top 40.89 in, bot 16.67 in, half-width 10.97 in
record  fit 2024 all_roster      n 366,873, edf 46.9, k' 255, k-index 0.979, area 500.29 sq in, top 41.25 in, bot 16.78 in, half-width 11.07 in
record  fit 2024 cohort_roster   n 302,762, edf 46.6, k' 255, k-index 0.975, area 501.31 sq in, top 41.31 in, bot 16.79 in, half-width 11.10 in
record  fit 2024 cohort_measured n 302,762, edf 46.3, k' 255, k-index 0.970, area 501.14 sq in, top 41.30 in, bot 16.79 in, half-width 11.10 in
record  bam separation warnings, expected and counted: 9 over 9 fits
PASS    DT-30 out/tables/height_coverage.csv matches the recomputation in all 180 cells (counts and shares exact, contour cells within 2e-04)

DT-30, ABS-height coverage per season, as a share of called pitches (open view, level mlb)
season regime          called       abs   abs_sh   ros_sh batters bat_abs   sig_sh
2022   pre_buffer     367,145   217,859   0.5934   1.0000     693     303   0.0000
2023   pre_buffer     374,523   272,064   0.7264   1.0000     655     371   0.0000
2024   pre_buffer     367,017   302,888   0.8253   1.0000     650     446   0.0000
2025   buffer_2025    368,925   341,232   0.9249   1.0000     673     533   0.0000
2026   abs_2026       358,461   358,459   1.0000   1.0000     659     657   0.9983
record  batter-seasons in dim_batter_season, 2022: 303 of 693 ABS-measured, 43.7%
record  batter-seasons in dim_batter_season, 2023: 371 of 656 ABS-measured, 56.6%
record  batter-seasons in dim_batter_season, 2024: 447 of 651 ABS-measured, 68.7%
record  batter-seasons in dim_batter_season, 2025: 533 of 673 ABS-measured, 79.2%
record  batter-seasons in dim_batter_season, 2026: 658 of 662 ABS-measured, 99.4%

DT-30 2022: ABS-measured coverage is 0.5934 of 367,145 called pitches (217,859 pitches), below the 0.60 trigger by 0.0066.
Seasons below the 0.60 trigger: 2022.

Selection effect, 2024 (SOP W3.4, its own number): restricting to batters still active in 2026,
with the roster+offset height held fixed, changes the 2024 50% contour for a 72-inch batter by
  area       +1.01 sq in (95% interval -1.22 to +3.14, conservative), of 500.29 sq in
  top        +0.056 in (-0.051 to +0.162)
  bottom     +0.013 in (-0.065 to +0.095)
  half-width +0.028 in (-0.033 to +0.093)
record  2022 selection (cohort_roster - all_roster): area +2.74 sq in [+0.14, +5.30], top +0.068 in, bot +0.006 in, half-width +0.045 in
record  2022 measurement (cohort_measured - cohort_roster): area -0.10 sq in, top -0.011 in, bot -0.005 in, half-width -0.002 in
record  2023 selection (cohort_roster - all_roster): area +1.78 sq in [-0.33, +4.03], top +0.057 in, bot -0.003 in, half-width +0.012 in
record  2023 measurement (cohort_measured - cohort_roster): area -0.09 sq in, top -0.007 in, bot -0.003 in, half-width -0.001 in
record  2024 selection (cohort_roster - all_roster): area +1.01 sq in [-1.22, +3.14], top +0.056 in, bot +0.013 in, half-width +0.028 in
record  2024 measurement (cohort_measured - cohort_roster): area -0.16 sq in, top -0.012 in, bot -0.001 in, half-width +0.000 in
record  D-13 owner answer on file: D-R0-02 OWNER ANSWER, D-13: roster height plus offset is primary, ABS-measured is a pre-registered robustness arm
PASS    prereg-v1 is not tagged yet; the DT-30 table is on disk ahead of the tag

W3.4 check: 9 PASS, 0 FAIL, elapsed <elapsed> s
RECORD layout                                         warehouse /Users/hudsonpagni/sports-project/warehouse/abs.duckdb; last open day 2026-09-21; analysis table /Users/hudsonpagni/sports-project/data/marts/ch1_called.parquet
PASS   input present                                  /Users/hudsonpagni/sports-project/warehouse/abs.duckdb
PASS   input present                                  /Users/hudsonpagni/sports-project/data/marts/ch1_called.parquet
PASS   T2 present for comparison                      /Users/hudsonpagni/sports-project/out/ch1/tab/T2_zone_gate.csv
PASS   warehouse attached read-only                   /Users/hudsonpagni/sports-project/warehouse/abs.duckdb
RECORD challenges read                                10,168 MLB 2026 reviews from the open view, 2026-03-25 to 2026-09-21
PASS   population                                     MLB, season 2026, analysis_set open, last day 2026-09-21 <= last open day 2026-09-21
PASS   one review per challenged pitch                10,168 reviews on 10,168 distinct pitch_uid
PASS   every review matched to its pitch and closed   0 unmatched, 0 in progress
RECORD review levels                                  additional 1, event 7,608, play 2,559
RECORD review types                                   MJ 10,168
PASS   every review joins a called pitch with mid-plate coordinates 0 without a called pitch, 0 without coordinates
PASS   regular season only                            game_type R 10,168
PASS   every batter carries an ABS-measured height    0 of 10,168 pitches without h_abs_in
PASS   calls are strike or ball                       0 rows outside {strike, ball} or without is_overturned
PASS   call_final is call_original flipped exactly when overturned 0 mismatches over 10,168 reviews
PASS   published description carries the final call   0 mismatches; called_strike 5,585, ball 4,583, blocked_ball 0
RECORD outcomes                                       5,490 overturned, 4,678 upheld; final strike 5,585, final ball 4,583
PASS   published zone is 53.5%/27% of h_abs_in        max |top - sz_top| 8.88e-16 ft, max |bot - sz_bot| 7.29e-10 ft, bar 1e-09 ft
PASS   R edge distance equals the warehouse edge_dist_calc published zone: max |e_pub - edge_dist_calc| 7.11e-15 in over 10,168 pitches, bar 1e-09 in
PASS   gate zone and published zone give the same verdicts max |e - e_pub| 8.75e-09 in, bar 1.2e-08 in; 0 verdicts differ
PASS   W3.7 carries the same challenged pitches       10,168 challenged 2026 rows in the analysis table, 10,168 reviews here, 0 not found
PASS   e equals W3.7 d_abs - 1.45                     max |d_abs - 1.45 - e| 0 in; H_abs equal to h_abs_in on 10,168 rows
PASS   W3.7 agrees on the calls                       is_overturned and cs against call_original, 10,168 rows
RECORD roster+offset arm height                       H - h_abs_in: mean +0.0015 in, sd 0.2894 in, max |.| 0.5022 in
PASS   per-edge rows partition the population         side 4,980 + top 1,707 + bot 3,481 = 10,168
RECORD T2 overall                                     10,164/10,168 = 99.9607% (benchmark 99.75%)
RECORD T2 outside_band                                7,573/7,574 = 99.9868% (benchmark 99.99%)
RECORD T2 inside_band                                 2,591/2,594 = 99.8843%
RECORD T2 edge_side                                   4,979/4,980 = 99.9799% (benchmark 99.70%)
RECORD T2 edge_top                                    1,707/1,707 = 100.0000% (benchmark 99.88%)
RECORD T2 edge_bot                                    3,478/3,481 = 99.9138% (benchmark 99.77%)
RECORD T2 arm_roster_offset_overall                   10,043/10,168 = 98.7707%
RECORD T2 arm_roster_offset_outside_band              7,574/7,575 = 99.9868%
RECORD disagreement                                   823451:8:2 2026-06-16 strike -> strike, rebuilt ball, e +0.0027 in, edge bot, inside the band
RECORD disagreement                                   823610:69:2 2026-06-26 strike -> ball, rebuilt strike, e -1.3864 in, edge side, outside the band
RECORD disagreement                                   823701:66:4 2026-06-03 ball -> strike, rebuilt ball, e +0.0045 in, edge bot, inside the band
RECORD disagreement                                   825000:31:3 2026-05-30 strike -> strike, rebuilt ball, e +0.0045 in, edge bot, inside the band
PASS   T2 on disk equals the rebuild                  /Users/hudsonpagni/sports-project/out/ch1/tab/T2_zone_gate.csv, 8 rows
PASS   DT-21 overall >= 99.75%                        10,164/10,168 = 99.9607%
PASS   DT-21 outside the +/-0.5 in band >= 99.95%     7,573/7,574 = 99.9868%
W3.8 check: 23 PASS, 0 FAIL, <elapsed> s
W6.5 OK: R/lib/zone.R carries the D-14 constants
W6.5 OK: D-14 constants agree in R/lib/zone.R, geometry.py and normalize_sc.py; 5 DT-30 rows and 8 DT-21 rows match docs/harmonized_zone.md

-- scripts/prove.sh normalised run-local tokens in this log: RN-04 timing
