export_numbers: app/data exists; its *.rds aggregates are not read until phase 12 adds that reader (W7.24)
export_numbers: GD-12 ok, HEAD descends from prereg-v1
export_numbers: read out/tables/abstract_slots_ch1.csv, 11 entries
export_numbers: absent out/tables/abstract_slots_ch2.csv (W6.9 not run yet)
export_numbers: read out/ch1/tab/umpire_eb_summary.csv, 3 entries
export_numbers: read out/ch1/tab/T4_decomposition.csv, 20 entries
export_numbers: read out/ch1/tab/T4_plane_component.csv, 5 entries
export_numbers: read out/ch1/tab/T1_sample.csv, 2 entries
export_numbers: read out/ch1/tab/T2_zone_gate.csv, 2 entries
export_numbers: read out/ch1/tab/T5_placebos.csv, 3 entries
export_numbers: read out/ch1/tab/T3_estimands.csv, 12 entries
export_numbers --check: /Users/hudsonpagni/sports-project/docs/numbers.json unchanged
check_numbers selftest: OK, 27 cases
abstract/exhibits/plane-convention-vs-corrected/data-sources.md:23: WR-07 473.032058680372 is in no traceable source
abstract/exhibits/plane-convention-vs-corrected/data-sources.md:23: WR-07 473.03 is in no traceable source
abstract/exhibits/plane-convention-vs-corrected/data-sources.md:24: WR-07 460.173710401016 is in no traceable source
abstract/exhibits/plane-convention-vs-corrected/data-sources.md:24: WR-07 460.17 is in no traceable source
abstract/exhibits/plane-convention-vs-corrected/data-sources.md:41: WR-07 473.03 is in no traceable source
abstract/exhibits/plane-convention-vs-corrected/data-sources.md:41: WR-07 460.17 is in no traceable source
abstract/exhibits/plane-convention-vs-corrected/data-sources.md:44: WR-07 −40 is in no traceable source
abstract/exhibits/zone-edges-three-periods/alt.txt:1: WR-07 17 is in no traceable source
abstract/exhibits/zone-edges-three-periods/alt.txt:1: WR-07 19.4 is in no traceable source
abstract/exhibits/zone-edges-three-periods/alt.txt:1: WR-07 38.5 is in no traceable source
abstract/exhibits/zone-edges-three-periods/data-sources.md:19: WR-07 12 is in no traceable source
abstract/exhibits/zone-edges-three-periods/data-sources.md:19: WR-07 17 is in no traceable source
abstract/exhibits/zone-edges-three-periods/data-sources.md:19: WR-07 19.44 is in no traceable source
abstract/exhibits/zone-edges-three-periods/data-sources.md:20: WR-07 38.52 is in no traceable source
abstract/exhibits/zone-edges-three-periods/data-sources.md:20: WR-07 12 is in no traceable source
abstract/exhibits/zone-edges-three-periods/data-sources.md:20: WR-07 0.4025 is in no traceable source
abstract/exhibits/zone-edges-three-periods/data-sources.md:26: WR-07 40.96 is in no traceable source
abstract/exhibits/zone-edges-three-periods/data-sources.md:26: WR-07 40.87 is in no traceable source
abstract/exhibits/zone-edges-three-periods/data-sources.md:26: WR-07 41.05 is in no traceable source
abstract/exhibits/zone-edges-three-periods/data-sources.md:26: WR-07 16.68 is in no traceable source
abstract/exhibits/zone-edges-three-periods/data-sources.md:26: WR-07 16.61 is in no traceable source
abstract/exhibits/zone-edges-three-periods/data-sources.md:26: WR-07 16.76 is in no traceable source
abstract/exhibits/zone-edges-three-periods/data-sources.md:26: WR-07 11.13 is in no traceable source
abstract/exhibits/zone-edges-three-periods/data-sources.md:26: WR-07 11.05 is in no traceable source
abstract/exhibits/zone-edges-three-periods/data-sources.md:26: WR-07 11.19 is in no traceable source
abstract/exhibits/zone-edges-three-periods/data-sources.md:27: WR-07 40.76 is in no traceable source
abstract/exhibits/zone-edges-three-periods/data-sources.md:27: WR-07 40.67 is in no traceable source
abstract/exhibits/zone-edges-three-periods/data-sources.md:27: WR-07 40.85 is in no traceable source
abstract/exhibits/zone-edges-three-periods/data-sources.md:27: WR-07 16.63 is in no traceable source
abstract/exhibits/zone-edges-three-periods/data-sources.md:27: WR-07 16.56 is in no traceable source
abstract/exhibits/zone-edges-three-periods/data-sources.md:27: WR-07 16.70 is in no traceable source
abstract/exhibits/zone-edges-three-periods/data-sources.md:27: WR-07 10.94 is in no traceable source
abstract/exhibits/zone-edges-three-periods/data-sources.md:27: WR-07 10.87 is in no traceable source
abstract/exhibits/zone-edges-three-periods/data-sources.md:27: WR-07 11.00 is in no traceable source
abstract/exhibits/zone-edges-three-periods/data-sources.md:28: WR-07 41.24 is in no traceable source
abstract/exhibits/zone-edges-three-periods/data-sources.md:28: WR-07 41.14 is in no traceable source
abstract/exhibits/zone-edges-three-periods/data-sources.md:28: WR-07 41.33 is in no traceable source
abstract/exhibits/zone-edges-three-periods/data-sources.md:28: WR-07 16.79 is in no traceable source
abstract/exhibits/zone-edges-three-periods/data-sources.md:28: WR-07 16.72 is in no traceable source
abstract/exhibits/zone-edges-three-periods/data-sources.md:28: WR-07 16.86 is in no traceable source
abstract/exhibits/zone-edges-three-periods/data-sources.md:28: WR-07 11.06 is in no traceable source
abstract/exhibits/zone-edges-three-periods/data-sources.md:28: WR-07 10.99 is in no traceable source
abstract/exhibits/zone-edges-three-periods/data-sources.md:28: WR-07 11.13 is in no traceable source
abstract/exhibits/zone-edges-three-periods/data-sources.md:29: WR-07 41.19 is in no traceable source
abstract/exhibits/zone-edges-three-periods/data-sources.md:29: WR-07 41.09 is in no traceable source
abstract/exhibits/zone-edges-three-periods/data-sources.md:29: WR-07 41.28 is in no traceable source
abstract/exhibits/zone-edges-three-periods/data-sources.md:29: WR-07 17.02 is in no traceable source
abstract/exhibits/zone-edges-three-periods/data-sources.md:29: WR-07 16.95 is in no traceable source
abstract/exhibits/zone-edges-three-periods/data-sources.md:29: WR-07 17.10 is in no traceable source
abstract/exhibits/zone-edges-three-periods/data-sources.md:29: WR-07 10.62 is in no traceable source
abstract/exhibits/zone-edges-three-periods/data-sources.md:29: WR-07 10.55 is in no traceable source
abstract/exhibits/zone-edges-three-periods/data-sources.md:29: WR-07 10.68 is in no traceable source
abstract/exhibits/zone-edges-three-periods/data-sources.md:30: WR-07 40.69 is in no traceable source
abstract/exhibits/zone-edges-three-periods/data-sources.md:30: WR-07 40.59 is in no traceable source
abstract/exhibits/zone-edges-three-periods/data-sources.md:30: WR-07 40.79 is in no traceable source
abstract/exhibits/zone-edges-three-periods/data-sources.md:30: WR-07 17.73 is in no traceable source
abstract/exhibits/zone-edges-three-periods/data-sources.md:30: WR-07 17.65 is in no traceable source
abstract/exhibits/zone-edges-three-periods/data-sources.md:30: WR-07 17.80 is in no traceable source
abstract/exhibits/zone-edges-three-periods/data-sources.md:30: WR-07 10.34 is in no traceable source
abstract/exhibits/zone-edges-three-periods/data-sources.md:30: WR-07 10.27 is in no traceable source
abstract/exhibits/zone-edges-three-periods/data-sources.md:30: WR-07 10.40 is in no traceable source
abstract/exhibits/zone-edges-three-periods/data-sources.md:32: WR-07 warn: 'fifteen' is a number above nine in words; rule 6 wants digits in a claim sentence, so check it by hand
check_numbers: 25 file(s), 359 traceable value(s), 61 untraced literal(s), 0 bad source line(s), 1 word-number warning(s)
