............................F                                            [100%]
=================================== FAILURES ===================================
____________ test_ut20_generator_shape_against_one_local_real_feed _____________

    def test_ut20_generator_shape_against_one_local_real_feed():
        """UT-20. Fails locally if MLB changes the feed shape. CI never sees real data, so CI
        stays green, which is correct."""
        real_path = _cached_pre_2026_feed()
        if real_path is None:
            print(synth_feed.UT20_DEFERRED_REASON)
            pytest.skip(synth_feed.UT20_DEFERRED_REASON)
        real = json.loads(real_path.read_text(encoding="utf-8"))
        synthetic = _json(GENERATED / "mlb_feed.json")

        def paths(node, prefix=""):
            out = set()
            if isinstance(node, dict):
                for key, value in node.items():
                    out.add(f"{prefix}.{key}" if prefix else key)
                    out |= paths(value, f"{prefix}.{key}" if prefix else key)
            elif isinstance(node, list) and node:
                out |= paths(node[0], f"{prefix}[]")
            return out

        missing = sorted(p for p in paths(synthetic) if p not in paths(real))
>       assert not missing, (
            f"the generator emits key paths the real feed does not have: {missing}. "
            f"The feed shape changed, or the generator drifted. Real feed: {real_path}"
        )
E       AssertionError: the generator emits key paths the real feed does not have: ['liveData.boxscore.teams.away.players.ID6001', 'liveData.boxscore.teams.away.players.ID6001.person', 'liveData.boxscore.teams.away.players.ID6001.person.fullName', 'liveData.boxscore.teams.away.players.ID6001.person.id', 'liveData.boxscore.teams.away.players.ID6001.person.link', 'liveData.boxscore.teams.away.players.ID6001.position', 'liveData.boxscore.teams.away.players.ID6001.position.abbreviation', 'liveData.boxscore.teams.away.players.ID6001.position.code', 'liveData.boxscore.teams.away.players.ID6002', 'liveData.boxscore.teams.away.players.ID6002.person', 'liveData.boxscore.teams.away.players.ID6002.person.fullName', 'liveData.boxscore.teams.away.players.ID6002.person.id', 'liveData.boxscore.teams.away.players.ID6002.person.link', 'liveData.boxscore.teams.away.players.ID6002.position', 'liveData.boxscore.teams.away.players.ID6002.position.abbreviation', 'liveData.boxscore.teams.away.players.ID6002.position.code', 'liveData.boxscore.teams.away.players.ID6003', 'liveData.boxscore.teams.away.players.ID6003.person', 'liveData.boxscore.teams.away.players.ID6003.person.fullName', 'liveData.boxscore.teams.away.players.ID6003.person.id', 'liveData.boxscore.teams.away.players.ID6003.person.link', 'liveData.boxscore.teams.away.players.ID6003.position', 'liveData.boxscore.teams.away.players.ID6003.position.abbreviation', 'liveData.boxscore.teams.away.players.ID6003.position.code', 'liveData.boxscore.teams.away.players.ID6004', 'liveData.boxscore.teams.away.players.ID6004.person', 'liveData.boxscore.teams.away.players.ID6004.person.fullName', 'liveData.boxscore.teams.away.players.ID6004.person.id', 'liveData.boxscore.teams.away.players.ID6004.person.link', 'liveData.boxscore.teams.away.players.ID6004.position', 'liveData.boxscore.teams.away.players.ID6004.position.abbreviation', 'liveData.boxscore.teams.away.players.ID6004.position.code', 'liveData.boxscore.teams.away.players.ID6005', 'liveData.boxscore.teams.away.players.ID6005.person', 'liveData.boxscore.teams.away.players.ID6005.person.fullName', 'liveData.boxscore.teams.away.players.ID6005.person.id', 'liveData.boxscore.teams.away.players.ID6005.person.link', 'liveData.boxscore.teams.away.players.ID6005.position', 'liveData.boxscore.teams.away.players.ID6005.position.abbreviation', 'liveData.boxscore.teams.away.players.ID6005.position.code', 'liveData.boxscore.teams.away.players.ID6006', 'liveData.boxscore.teams.away.players.ID6006.person', 'liveData.boxscore.teams.away.players.ID6006.person.fullName', 'liveData.boxscore.teams.away.players.ID6006.person.id', 'liveData.boxscore.teams.away.players.ID6006.person.link', 'liveData.boxscore.teams.away.players.ID6006.position', 'liveData.boxscore.teams.away.players.ID6006.position.abbreviation', 'liveData.boxscore.teams.away.players.ID6006.position.code', 'liveData.boxscore.teams.away.players.ID6007', 'liveData.boxscore.teams.away.players.ID6007.person', 'liveData.boxscore.teams.away.players.ID6007.person.fullName', 'liveData.boxscore.teams.away.players.ID6007.person.id', 'liveData.boxscore.teams.away.players.ID6007.person.link', 'liveData.boxscore.teams.away.players.ID6007.position', 'liveData.boxscore.teams.away.players.ID6007.position.abbreviation', 'liveData.boxscore.teams.away.players.ID6007.position.code', 'liveData.boxscore.teams.away.players.ID6008', 'liveData.boxscore.teams.away.players.ID6008.person', 'liveData.boxscore.teams.away.players.ID6008.person.fullName', 'liveData.boxscore.teams.away.players.ID6008.person.id', 'liveData.boxscore.teams.away.players.ID6008.person.link', 'liveData.boxscore.teams.away.players.ID6008.position', 'liveData.boxscore.teams.away.players.ID6008.position.abbreviation', 'liveData.boxscore.teams.away.players.ID6008.position.code', 'liveData.boxscore.teams.home.players.ID5001', 'liveData.boxscore.teams.home.players.ID5001.person', 'liveData.boxscore.teams.home.players.ID5001.person.fullName', 'liveData.boxscore.teams.home.players.ID5001.person.id', 'liveData.boxscore.teams.home.players.ID5001.person.link', 'liveData.boxscore.teams.home.players.ID5001.position', 'liveData.boxscore.teams.home.players.ID5001.position.abbreviation', 'liveData.boxscore.teams.home.players.ID5001.position.code', 'liveData.boxscore.teams.home.players.ID7003', 'liveData.boxscore.teams.home.players.ID7003.person', 'liveData.boxscore.teams.home.players.ID7003.person.fullName', 'liveData.boxscore.teams.home.players.ID7003.person.id', 'liveData.boxscore.teams.home.players.ID7003.person.link', 'liveData.boxscore.teams.home.players.ID7003.position', 'liveData.boxscore.teams.home.players.ID7003.position.abbreviation', 'liveData.boxscore.teams.home.players.ID7003.position.code', 'liveData.plays.allPlays[].playEvents[].details.call', 'liveData.plays.allPlays[].playEvents[].details.call.code', 'liveData.plays.allPlays[].playEvents[].details.call.description', 'liveData.plays.allPlays[].playEvents[].details.code', 'liveData.plays.allPlays[].playEvents[].details.isBall', 'liveData.plays.allPlays[].playEvents[].details.isInPlay', 'liveData.plays.allPlays[].playEvents[].details.isStrike', 'liveData.plays.allPlays[].playEvents[].details.type', 'liveData.plays.allPlays[].playEvents[].details.type.code', 'liveData.plays.allPlays[].playEvents[].details.type.description', 'liveData.plays.allPlays[].playEvents[].pitchData', 'liveData.plays.allPlays[].playEvents[].pitchData.coordinates', 'liveData.plays.allPlays[].playEvents[].pitchData.coordinates.pX', 'liveData.plays.allPlays[].playEvents[].pitchData.coordinates.pZ', 'liveData.plays.allPlays[].playEvents[].pitchData.startSpeed', 'liveData.plays.allPlays[].playEvents[].pitchData.strikeZoneBottom', 'liveData.plays.allPlays[].playEvents[].pitchData.strikeZoneTop', 'liveData.plays.allPlays[].playEvents[].pitchNumber', 'liveData.plays.allPlays[].playEvents[].playId']. The feed shape changed, or the generator drifted. Real feed: /Users/hudsonpagni/sports-project/data/staging/statsapi/feeds/sport11/2024/753616.json
E       assert not ['liveData.boxscore.teams.away.players.ID6001', 'liveData.boxscore.teams.away.players.ID6001.person', 'liveData.boxsco...'liveData.boxscore.teams.away.players.ID6001.person.link', 'liveData.boxscore.teams.away.players.ID6001.position', ...]

tests/fixtures/test_synth_traps.py:394: AssertionError
=========================== short test summary info ============================
FAILED tests/fixtures/test_synth_traps.py::test_ut20_generator_shape_against_one_local_real_feed
