........................................................................ [ 60%]
...............................................                          [100%]
=============================== warnings summary ===============================
tests/guard/test_seal_immutability.py::test_the_seal_holds_no_readable_rows
  /Users/hudsonpagni/sports-project/tests/guard/test_seal_immutability.py:207: VacuousGuard: GD-10 vacuous: no sealed rows yet, data/sealed/ is empty in phase 01
    warnings.warn(

tests/guard/test_seal_receipts.py::test_every_fit_artifact_has_a_receipt
  /Users/hudsonpagni/sports-project/tests/guard/test_seal_receipts.py:123: VacuousGuard: GD-01 vacuous: no fit artifacts under out/ yet, because phase 01 fits nothing
    warnings.warn(

tests/guard/test_seal_receipts.py::test_every_receipt_carries_the_contract_keys
  /Users/hudsonpagni/sports-project/tests/guard/test_seal_receipts.py:142: VacuousGuard: GD-01 vacuous: no fit receipts under out/ yet, because phase 01 fits nothing
    warnings.warn(

tests/guard/test_seal_receipts.py::test_no_held_out_artifact_predates_the_pre_registration
  /Users/hudsonpagni/sports-project/tests/guard/test_seal_receipts.py:168: VacuousGuard: GD-02 vacuous: no fit receipts yet, so no artifact can have touched a held-out row
    warnings.warn(

tests/guard/test_seal_receipts.py::test_the_ordering_script_runs_and_reports
  /Users/hudsonpagni/sports-project/tests/guard/test_seal_receipts.py:212: VacuousGuard: GD-12 vacuous: no fit receipts yet and prereg-v1 is not tagged yet, so no ordering has been tested
    warnings.warn(

tests/guard/test_unseal_receipt.py::test_every_unsealed_line_has_its_receipt
  /Users/hudsonpagni/sports-project/tests/guard/test_unseal_receipt.py:98: UserWarning: GD-10 pairing vacuous: docs/prereg/SEAL.md records no UNSEALED line in phase 01
    warnings.warn(

tests/guard/test_unseal_receipt.py::test_the_unseal_script_writes_the_receipt
  /Users/hudsonpagni/sports-project/tests/guard/test_unseal_receipt.py:116: UserWarning: OWNER ITEM: ops/unseal.sh (not this lane's path) does not yet write quality/receipts/unseal-<tag>.log; the pairing rule is defined and asserted here, the writer is missing
    warnings.warn(

-- Docs: https://docs.pytest.org/en/stable/how-to/capture-warnings.html
[redteam] checking the guard is green before anything is planted
[redteam] make test-guard -> exit 0 at rest, nothing planted
[redteam] applying tests/guard/redteam.patch
[redteam] SOP plant -> make test-guard exit 2   GD-04 FAIL: R/ch1/20_surfaces.R:31 reads the held-out analysis set -- d <- dplyr::filter(d, analysis_set == 'sealed')
[redteam] SOP plant -> make test-guard exit 2   GD-04 FAIL: src/absump/ch3/dp_fast.py:37 names the held-out pitch view -- rows = con.execute("SELECT * FROM v_pitch_sealed").pl()
[redteam] reverted the two SOP plants
[redteam] E1 label in two pieces, compared through a variable -> make test-guard exit 2   GD-04 FAIL: R/ch1/20_surfaces.R:46 reads the held-out analysis set -- late_frame <- function(d) dplyr::filter(d, analysis_set == HELD)
[redteam] E2 view name built by an f-string -> make test-guard exit 2   GD-04 FAIL: src/absump/ch3/dp_fast.py:47 names the held-out pitch view -- view = f"v_pitch_{split}"
[redteam] E3 FROM and the table on two lines -> make test-guard exit 2   GD-04 FAIL: dbt/models/marts/v_pitch_all__redteam.sql:9 unqualified raw fact-table read -- fct_pitch
[redteam] E4 a comment used to forgive the read -> make test-guard exit 2   GD-04 FAIL: dbt/models/marts/late_counts__redteam.sql:5 unqualified raw fact-table read -- SELECT game_pk, count(*) AS pitches FROM fct_pitch GROUP BY 1
[redteam] E5 a later boundary day, and > the day before -> make test-guard exit 2   GD-04 FAIL: src/absump/ch3/dp_fast.py:48 literal boundary-date comparison -- "WHERE official_date >= DATE '2026-09-23' "
[redteam] E6 the view in a notebook past two megabytes -> make test-guard exit 2   GD-04 FAIL: notebooks/ch1_explore__redteam.ipynb:10 names the held-out pitch view -- "rows = con.execute(\"SELECT * FROM v_pitch_sealed\").pl()\n"
[redteam] E7 an importable symlink out of the repository -> make test-guard exit 2   GD-04 FAIL: src/absump/ch3/probe__redteam.py:2 names the held-out pitch view -- return con.execute("SELECT * FROM v_pitch_sealed").pl()
[redteam] E8 the complement of the open label -> make test-guard exit 2   GD-04 FAIL: src/absump/ch3/dp_fast.py:47 reads the held-out analysis set -- "SELECT plate_x FROM v_pitch_open WHERE analysis_set != 'open'"
[redteam] E9 the second fact table -> make test-guard exit 2   GD-04 FAIL: dbt/models/marts/challenge_all__redteam.sql:3 unqualified raw fact-table read -- SELECT * FROM fct_challenge
[redteam] E10 the label alone in ch3, no read on the line -> make test-guard exit 2   GD-05 FAIL: src/absump/ch3/dp_fast.py:46 the held-out label outside the two allowlisted files -- split = "sealed"
[redteam] E11 the held-out partition read by path -> make test-guard exit 2   GD-05 FAIL: src/absump/ch3/parquet__redteam.py:2 the held-out label outside the two allowlisted files -- return con.execute("SELECT * FROM read_parquet('data/sealed/pitch/*.parquet')").pl()
[redteam] E12 the boundary day in two fragments, python -> make test-guard exit 2   GD-04 FAIL: src/absump/ch3/dp_fast.py:45 literal boundary-date comparison -- FIRST = "2026-09-2" + "2"
[redteam] E13 the boundary day built by paste(), R -> make test-guard exit 2   GD-04 FAIL: R/ch1/20_surfaces.R:45 held-out date literal -- cut_day <- as.Date(paste("2026", "09", "22", sep = "-"))
[redteam] E14 a pull window through the seal, in a config -> make test-guard exit 2   GD-04 FAIL: config/backfill__redteam.yml:3 held-out date literal -- end: "2026-09-30"
[redteam] E15 a held-out game copied into a fixture -> make test-guard exit 2   GD-04 FAIL: tests/fixtures/late_game__redteam.json:1 held-out date literal -- {"gamePk": 825412, "officialDate": "2026-09-23", "venue": "Wrigley Field"}
[redteam] E16 the query carried as base64 in a notebook -> make test-guard exit 2   GD-04 FAIL: notebooks/encoded__redteam.ipynb:7 names the held-out pitch view -- "q = base64.b64decode(\"U0VMRUNUICogRlJPTSB2X3BpdGNoX3NlYWxlZA==\").decode()\n",
[redteam] E17 a blob run abutting the view name -> make test-guard exit 2   GD-04 FAIL: notebooks/abutting__redteam.ipynb:6 names the held-out pitch view -- {"output_type": "stream", "text": "<blob>_pitch_sealed"}
[redteam] E18 the label assembled with jinja's ~ operator -> make test-guard exit 2   GD-04 FAIL: dbt/models/marts/jinja_label__redteam.sql:4 reads the held-out analysis set -- SELECT game_pk FROM {{ ref('stg_pitch') }} WHERE analysis_set = '{{ held }}'
[redteam] E19 the fact table parked in a jinja variable -> make test-guard exit 2   GD-04 FAIL: dbt/models/marts/jinja_table__redteam.sql:4 unqualified raw fact-table read -- SELECT game_pk, plate_x FROM {{ tbl }}
[redteam] E20 an executable under an excluded prefix -> make test-guard exit 2   GD-04 FAIL: quality/receipts/probe__redteam.sh:2 unqualified raw fact-table read -- duckdb -c "SELECT plate_x FROM fct_pitch"
[redteam] make test-guard -> exit 0   GD-04: 0 violation(s) in the repository
GD-09 pass: 24 of 24 checks; the guard fails when it should and is green when it should
